// Jest Snapshot v1, https://goo.gl/fbAQLP

exports[`Satellite Card Component Satellite Card should render correctly in "debug" mode 1`] = `ShallowWrapper {}`;
