// Jest Snapshot v1, https://goo.gl/fbAQLP

exports[`Footer Component footer should render correctly in "debug" mode 1`] = `ShallowWrapper {}`;
